This is pdfTeX, Version 3.141592653-2.6-1.40.29 (MiKTeX 26.5) (preloaded format=pdflatex.fmt)
 restricted \write18 enabled.
entering extended mode
(main.tex
LaTeX2e <2026-06-01>
L3 programming layer <2026-06-18>
(C:\Users\ijiny\AppData\Local\Programs\MiKTeX\tex/latex/base\article.cls
Document Class: article 2025/01/22 v1.4n Standard LaTeX document class
(C:\Users\ijiny\AppData\Local\Programs\MiKTeX\tex/latex/base\size10.clo))
(iclr2026_conference.sty
(C:\Users\ijiny\AppData\Local\Programs\MiKTeX\tex/latex/eso-pic\eso-pic.sty
(C:\Users\ijiny\AppData\Local\Programs\MiKTeX\tex/latex/graphics\keyval.sty)
(C:\Users\ijiny\AppData\Local\Programs\MiKTeX\tex/latex/xcolor\xcolor.sty
(C:\Users\ijiny\AppData\Local\Programs\MiKTeX\tex/latex/graphics-cfg\color.cfg)

(C:\Users\ijiny\AppData\Local\Programs\MiKTeX\tex/latex/graphics-def\pdftex.def
)
(C:\Users\ijiny\AppData\Local\Programs\MiKTeX\tex/latex/graphics\mathcolor.ltx)
)) (fancyhdr.sty) (natbib.sty))
(C:\Users\ijiny\AppData\Local\Programs\MiKTeX\tex/latex/psnfss\times.sty)
(math_commands.tex
(C:\Users\ijiny\AppData\Local\Programs\MiKTeX\tex/latex/amsmath\amsmath.sty
For additional information on amsmath, use the `?' option.
(C:\Users\ijiny\AppData\Local\Programs\MiKTeX\tex/latex/amsmath\amstext.sty
(C:\Users\ijiny\AppData\Local\Programs\MiKTeX\tex/latex/amsmath\amsgen.sty))
(C:\Users\ijiny\AppData\Local\Programs\MiKTeX\tex/latex/amsmath\amsbsy.sty)
(C:\Users\ijiny\AppData\Local\Programs\MiKTeX\tex/latex/amsmath\amsopn.sty))
(C:\Users\ijiny\AppData\Local\Programs\MiKTeX\tex/latex/amsfonts\amsfonts.sty)
(C:\Users\ijiny\AppData\Local\Programs\MiKTeX\tex/latex/tools\bm.sty))
(C:\Users\ijiny\AppData\Local\Programs\MiKTeX\tex/latex/hyperref\hyperref.sty
(C:\Users\ijiny\AppData\Local\Programs\MiKTeX\tex/generic/iftex\iftex.sty)
(C:\Users\ijiny\AppData\Local\Programs\MiKTeX\tex/latex/kvsetkeys\kvsetkeys.sty
)
(C:\Users\ijiny\AppData\Local\Programs\MiKTeX\tex/generic/kvdefinekeys\kvdefine
keys.sty)
(C:\Users\ijiny\AppData\Local\Programs\MiKTeX\tex/generic/pdfescape\pdfescape.s
ty
(C:\Users\ijiny\AppData\Local\Programs\MiKTeX\tex/generic/ltxcmds\ltxcmds.sty)
(C:\Users\ijiny\AppData\Local\Programs\MiKTeX\tex/generic/pdftexcmds\pdftexcmds
.sty
(C:\Users\ijiny\AppData\Local\Programs\MiKTeX\tex/generic/infwarerr\infwarerr.s
ty)))
(C:\Users\ijiny\AppData\Local\Programs\MiKTeX\tex/latex/hycolor\hycolor.sty)
(C:\Users\ijiny\AppData\Local\Programs\MiKTeX\tex/latex/hyperref\nameref.sty
(C:\Users\ijiny\AppData\Local\Programs\MiKTeX\tex/latex/refcount\refcount.sty)
(C:\Users\ijiny\AppData\Local\Programs\MiKTeX\tex/generic/gettitlestring\gettit
lestring.sty
(C:\Users\ijiny\AppData\Local\Programs\MiKTeX\tex/latex/kvoptions\kvoptions.sty
)))
(C:\Users\ijiny\AppData\Local\Programs\MiKTeX\tex/latex/etoolbox\etoolbox.sty)
(C:\Users\ijiny\AppData\Local\Programs\MiKTeX\tex/generic/stringenc\stringenc.s
ty) (C:\Users\ijiny\AppData\Local\Programs\MiKTeX\tex/latex/hyperref\pd1enc.def
) (C:\Users\ijiny\AppData\Local\Programs\MiKTeX\tex/generic/intcalc\intcalc.sty
) (C:\Users\ijiny\AppData\Local\Programs\MiKTeX\tex/latex/hyperref\puenc.def)
(C:\Users\ijiny\AppData\Local\Programs\MiKTeX\tex/latex/url\url.sty)
(C:\Users\ijiny\AppData\Local\Programs\MiKTeX\tex/generic/bitset\bitset.sty
(C:\Users\ijiny\AppData\Local\Programs\MiKTeX\tex/generic/bigintcalc\bigintcalc
.sty)))
(C:\Users\ijiny\AppData\Local\Programs\MiKTeX\tex/latex/hyperref\hpdftex.def
(C:\Users\ijiny\AppData\Local\Programs\MiKTeX\tex/latex/rerunfilecheck\rerunfil
echeck.sty
(C:\Users\ijiny\AppData\Local\Programs\MiKTeX\tex/generic/uniquecounter\uniquec
ounter.sty)))
(C:\Users\ijiny\AppData\Local\Programs\MiKTeX\tex/latex/graphics\graphicx.sty
(C:\Users\ijiny\AppData\Local\Programs\MiKTeX\tex/latex/graphics\graphics.sty
(C:\Users\ijiny\AppData\Local\Programs\MiKTeX\tex/latex/graphics\trig.sty)
(C:\Users\ijiny\AppData\Local\Programs\MiKTeX\tex/latex/graphics-cfg\graphics.c
fg)))
(C:\Users\ijiny\AppData\Local\Programs\MiKTeX\tex/latex/booktabs\booktabs.sty)
(C:\Users\ijiny\AppData\Local\Programs\MiKTeX\tex/latex/amsfonts\amssymb.sty)
(C:\Users\ijiny\AppData\Local\Programs\MiKTeX\tex/latex/caption\subcaption.sty
(C:\Users\ijiny\AppData\Local\Programs\MiKTeX\tex/latex/caption\caption.sty
(C:\Users\ijiny\AppData\Local\Programs\MiKTeX\tex/latex/caption\caption3.sty)))
(C:\Users\ijiny\AppData\Local\Programs\MiKTeX\tex/latex/psnfss\ot1ptm.fd)
(C:\Users\ijiny\AppData\Local\Programs\MiKTeX\tex/latex/l3backend\l3backend-pdf
tex.def) (main.aux)
(C:\Users\ijiny\AppData\Local\Programs\MiKTeX\tex/context/base/mkii\supp-pdf.mk
ii
[Loading MPS to PDF converter (version 2006.09.02).]
)
(C:\Users\ijiny\AppData\Local\Programs\MiKTeX\tex/latex/epstopdf-pkg\epstopdf-b
ase.sty
(C:\Users\ijiny\AppData\Local\Programs\MiKTeX\tex/latex/00miktex\epstopdf-sys.c
fg)) (main.out) (main.out)
Underfull \hbox (badness 10000) in paragraph at lines 36--36
[]\OT1/ptm/m/sc/17.28 Why Lan-guage Mod-els Learn Heuris-tics
(C:\Users\ijiny\AppData\Local\Programs\MiKTeX\tex/latex/amsfonts\umsa.fd)
(C:\Users\ijiny\AppData\Local\Programs\MiKTeX\tex/latex/amsfonts\umsb.fd)
(C:\Users\ijiny\AppData\Local\Programs\MiKTeX\tex/latex/psnfss\ts1ptm.fd)
[1{C:/Users/ijiny/AppData/Local/MiKTeX/fonts/map/pdftex/pdftex.map}{C:/Users/ij
iny/AppData/Local/Programs/MiKTeX/fonts/enc/dvips/base/8r.enc}]
(C:\Users\ijiny\AppData\Local\Programs\MiKTeX\tex/latex/psnfss\ot1pcr.fd)

LaTeX Warning: `h' float specifier changed to `ht'.

[2] [3] [4 <./figs/all_mods_theory.png>] [5 <./figs/probe_time.png> <./figs/pro
be_depth.png>] [6] [7 <./figs/rung_metric.png>]
Underfull \vbox (badness 10000) has occurred while \output is active [8 <./figs
/digitsum_attn_e1e2.png>]
Underfull \vbox (badness 10000) has occurred while \output is active [9 <./figs
/fourier_dynamics.png>] [10] [11 <./figs/tx_round2.png>]
Underfull \vbox (badness 8038) has occurred while \output is active [12 <./figs
/tx_round1.png>] (main.bbl [13]
Underfull \hbox (badness 10000) in paragraph at lines 105--110
[]\OT1/ptm/m/n/10 nostalgebraist.  In-ter-pret-ing GPT: the logit lens.  Less-W
rong blog post, 2020.

Underfull \hbox (badness 10000) in paragraph at lines 105--110
\OT1/ptm/m/n/10 URL []$\OT1/pcr/m/n/10 https : / / www . lesswrong . com / post
s / AcKRB8wDpdaN6v6ru /
)

Package hyperref Warning: Token not allowed in a PDF string (Unicode):
(hyperref)                removing `math shift' on input line 322.


Package hyperref Warning: Token not allowed in a PDF string (Unicode):
(hyperref)                removing `superscript' on input line 322.


Package hyperref Warning: Token not allowed in a PDF string (Unicode):
(hyperref)                removing `math shift' on input line 322.

[14] [15]

LaTeX Font Warning: Font shape `TS1/ptm/m/sc' undefined
(Font)              using `TS1/ptm/m/n' instead
(Font)              for symbol `textsection' on input line 363.

[16]

Package hyperref Warning: Token not allowed in a PDF string (Unicode):
(hyperref)                removing `math shift' on input line 379.


Package hyperref Warning: Token not allowed in a PDF string (Unicode):
(hyperref)                removing `subscript' on input line 379.


Package hyperref Warning: Token not allowed in a PDF string (Unicode):
(hyperref)                removing `math shift' on input line 379.


LaTeX Warning: `h' float specifier changed to `ht'.


LaTeX Warning: `h' float specifier changed to `ht'.


LaTeX Warning: `h' float specifier changed to `ht'.


LaTeX Warning: `h' float specifier changed to `ht'.


Underfull \vbox (badness 10000) has occurred while \output is active [17]

LaTeX Warning: `h' float specifier changed to `ht'.


LaTeX Warning: `h' float specifier changed to `ht'.


Overfull \hbox (113.16194pt too wide) in paragraph at lines 471--508
 [][] 

LaTeX Warning: `h' float specifier changed to `ht'.

[18 <./figs/install_transfer.png>] [19 <./figs/install_dose.png> <./figs/dwell_
probe.png> <./figs/nim_pool_size_410m.png>] [20 <./figs/disentangle.png>]
(main.aux)

LaTeX Font Warning: Some font shapes were not available, defaults substituted.


LaTeX Warning: Label(s) may have changed. Rerun to get cross-references right.


Package rerunfilecheck Warning: File `main.out' has changed.
(rerunfilecheck)                Rerun to get outlines right
(rerunfilecheck)                or use package `bookmark'.

 )
(see the transcript file for additional information)<C:/Users/ijiny/AppData/Loc
al/Programs/MiKTeX/fonts/type1/public/amsfonts/cm/cmex10.pfb><C:/Users/ijiny/Ap
pData/Local/Programs/MiKTeX/fonts/type1/public/amsfonts/cmextra/cmex7.pfb><C:/U
sers/ijiny/AppData/Local/Programs/MiKTeX/fonts/type1/public/amsfonts/cm/cmmi10.
pfb><C:/Users/ijiny/AppData/Local/Programs/MiKTeX/fonts/type1/public/amsfonts/c
m/cmmi5.pfb><C:/Users/ijiny/AppData/Local/Programs/MiKTeX/fonts/type1/public/am
sfonts/cm/cmmi7.pfb><C:/Users/ijiny/AppData/Local/Programs/MiKTeX/fonts/type1/p
ublic/amsfonts/cm/cmmi9.pfb><C:/Users/ijiny/AppData/Local/Programs/MiKTeX/fonts
/type1/public/amsfonts/cm/cmr10.pfb><C:/Users/ijiny/AppData/Local/Programs/MiKT
eX/fonts/type1/public/amsfonts/cm/cmr5.pfb><C:/Users/ijiny/AppData/Local/Progra
ms/MiKTeX/fonts/type1/public/amsfonts/cm/cmr6.pfb><C:/Users/ijiny/AppData/Local
/Programs/MiKTeX/fonts/type1/public/amsfonts/cm/cmr7.pfb><C:/Users/ijiny/AppDat
a/Local/Programs/MiKTeX/fonts/type1/public/amsfonts/cm/cmr9.pfb><C:/Users/ijiny
/AppData/Local/Programs/MiKTeX/fonts/type1/public/amsfonts/cm/cmsy10.pfb><C:/Us
ers/ijiny/AppData/Local/Programs/MiKTeX/fonts/type1/public/amsfonts/cm/cmsy7.pf
b><C:/Users/ijiny/AppData/Local/Programs/MiKTeX/fonts/type1/public/amsfonts/cm/
cmsy9.pfb><C:/Users/ijiny/AppData/Local/Programs/MiKTeX/fonts/type1/public/amsf
onts/symbols/msam10.pfb><C:/Users/ijiny/AppData/Local/Programs/MiKTeX/fonts/typ
e1/public/amsfonts/symbols/msbm10.pfb><C:/Users/ijiny/AppData/Local/Programs/Mi
KTeX/fonts/type1/urw/courier/ucrr8a.pfb><C:/Users/ijiny/AppData/Local/Programs/
MiKTeX/fonts/type1/urw/helvetic/uhvb8a.pfb><C:/Users/ijiny/AppData/Local/Progra
ms/MiKTeX/fonts/type1/urw/times/utmb8a.pfb><C:/Users/ijiny/AppData/Local/Progra
ms/MiKTeX/fonts/type1/urw/times/utmr8a.pfb><C:/Users/ijiny/AppData/Local/Progra
ms/MiKTeX/fonts/type1/urw/times/utmri8a.pfb>
Output written on main.pdf (20 pages, 3200946 bytes).
Transcript written on main.log.
