This is pdfTeX, Version 3.141592653-2.6-1.40.29 (MiKTeX 26.5) (preloaded format=pdflatex 2026.7.20)  31 AUG 2026 18:49
entering extended mode
 restricted \write18 enabled.
 %&-line parsing enabled.
**./main.tex
(main.tex
LaTeX2e <2026-06-01>
L3 programming layer <2026-06-18>
(C:\Users\ijiny\AppData\Local\Programs\MiKTeX\tex/latex/base\article.cls
Document Class: article 2025/01/22 v1.4n Standard LaTeX document class
(C:\Users\ijiny\AppData\Local\Programs\MiKTeX\tex/latex/base\size10.clo
File: size10.clo 2025/01/22 v1.4n Standard LaTeX file (size option)
)
\c@part=\count276
\c@section=\count277
\c@subsection=\count278
\c@subsubsection=\count279
\c@paragraph=\count280
\c@subparagraph=\count281
\c@figure=\count282
\c@table=\count283
\abovecaptionskip=\skip49
\belowcaptionskip=\skip50
\bibindent=\dimen150
)
(iclr2026_conference.sty
(C:\Users\ijiny\AppData\Local\Programs\MiKTeX\tex/latex/eso-pic\eso-pic.sty
Package: eso-pic 2026/05/31 v3.0e eso-pic (RN)
\ESO@tempdima=\dimen151
\ESO@tempdimb=\dimen152

(C:\Users\ijiny\AppData\Local\Programs\MiKTeX\tex/latex/graphics\keyval.sty
Package: keyval 2026-05-17 v1.15 key=value parser (DPC)
\KV@toks@=\toks17
)
(C:\Users\ijiny\AppData\Local\Programs\MiKTeX\tex/latex/xcolor\xcolor.sty
Package: xcolor 2024/09/29 v3.02 LaTeX color extensions (UK)

(C:\Users\ijiny\AppData\Local\Programs\MiKTeX\tex/latex/graphics-cfg\color.cfg
File: color.cfg 2016/01/02 v1.6 sample color configuration
)
Package xcolor Info: Driver file: pdftex.def on input line 274.

(C:\Users\ijiny\AppData\Local\Programs\MiKTeX\tex/latex/graphics-def\pdftex.def
File: pdftex.def 2025/09/29 v1.2d Graphics/color driver for pdftex
)
(C:\Users\ijiny\AppData\Local\Programs\MiKTeX\tex/latex/graphics\mathcolor.ltx)
Package xcolor Info: Model `cmy' substituted by `cmy0' on input line 1349.
Package xcolor Info: Model `hsb' substituted by `rgb' on input line 1353.
Package xcolor Info: Model `RGB' extended on input line 1365.
Package xcolor Info: Model `HTML' substituted by `rgb' on input line 1367.
Package xcolor Info: Model `Hsb' substituted by `hsb' on input line 1368.
Package xcolor Info: Model `tHsb' substituted by `hsb' on input line 1369.
Package xcolor Info: Model `HSB' substituted by `hsb' on input line 1370.
Package xcolor Info: Model `Gray' substituted by `gray' on input line 1371.
Package xcolor Info: Model `wave' substituted by `hsb' on input line 1372.
)) (fancyhdr.sty
\fancy@headwidth=\skip51
\f@ncyO@elh=\skip52
\f@ncyO@erh=\skip53
\f@ncyO@olh=\skip54
\f@ncyO@orh=\skip55
\f@ncyO@elf=\skip56
\f@ncyO@erf=\skip57
\f@ncyO@olf=\skip58
\f@ncyO@orf=\skip59
) (natbib.sty
Package: natbib 2009/07/16 8.31 (PWD, AO)
\bibhang=\skip60
\bibsep=\skip61
LaTeX Info: Redefining \cite on input line 694.
\c@NAT@ctr=\count284
)
\iclrrulerbox=\box53
\iclrrulercount=\count285
\iclrruleroffset=\dimen153
\cv@lineheight=\dimen154
\cv@boxheight=\dimen155
\cv@tmpbox=\box54
\cv@refno=\count286
\cv@tot=\count287
\cv@tmpc@=\count288
\cv@tmpc=\count289
)
(C:\Users\ijiny\AppData\Local\Programs\MiKTeX\tex/latex/psnfss\times.sty
Package: times 2020/03/25 PSNFSS-v9.3 (SPQR) 
)
(math_commands.tex
(C:\Users\ijiny\AppData\Local\Programs\MiKTeX\tex/latex/amsmath\amsmath.sty
Package: amsmath 2026/05/19 v2.18d AMS math features
\@mathmargin=\skip62

For additional information on amsmath, use the `?' option.
(C:\Users\ijiny\AppData\Local\Programs\MiKTeX\tex/latex/amsmath\amstext.sty
Package: amstext 2024/11/17 v2.01 AMS text

(C:\Users\ijiny\AppData\Local\Programs\MiKTeX\tex/latex/amsmath\amsgen.sty
File: amsgen.sty 1999/11/30 v2.0 generic functions
\@emptytoks=\toks18
\ex@=\dimen156
))
(C:\Users\ijiny\AppData\Local\Programs\MiKTeX\tex/latex/amsmath\amsbsy.sty
Package: amsbsy 1999/11/29 v1.2d Bold Symbols
\pmbraise@=\dimen157
)
(C:\Users\ijiny\AppData\Local\Programs\MiKTeX\tex/latex/amsmath\amsopn.sty
Package: amsopn 2022/04/08 v2.04 operator names
)
\inf@bad=\count290
LaTeX Info: Redefining \frac on input line 233.
\uproot@=\count291
\leftroot@=\count292
LaTeX Info: Redefining \overline on input line 398.
LaTeX Info: Redefining \colon on input line 409.
\classnum@=\count293
\DOTSCASE@=\count294
LaTeX Info: Redefining \ldots on input line 495.
LaTeX Info: Redefining \dots on input line 498.
LaTeX Info: Redefining \cdots on input line 619.
\Mathstrutbox@=\box55
\strutbox@=\box56
LaTeX Info: Redefining \big on input line 721.
LaTeX Info: Redefining \Big on input line 722.
LaTeX Info: Redefining \bigg on input line 723.
LaTeX Info: Redefining \Bigg on input line 724.
\big@size=\dimen158
LaTeX Font Info:    Redeclaring font encoding OML on input line 742.
LaTeX Font Info:    Redeclaring font encoding OMS on input line 743.
\macc@depth=\count295
LaTeX Info: Redefining \bmod on input line 904.
LaTeX Info: Redefining \pmod on input line 909.
LaTeX Info: Redefining \smash on input line 939.
LaTeX Info: Redefining \relbar on input line 969.
LaTeX Info: Redefining \Relbar on input line 970.
\c@MaxMatrixCols=\count296
\dotsspace@=\muskip17
\c@parentequation=\count297
\dspbrk@lvl=\count298
\tag@help=\toks19
\row@=\count299
\column@=\count300
\maxfields@=\count301
\andhelp@=\toks20
\eqnshift@=\dimen159
\alignsep@=\dimen160
\tagshift@=\dimen161
\tagwidth@=\dimen162
\totwidth@=\dimen163
\lineht@=\dimen164
\@envbody=\toks21
\multlinegap=\skip63
\multlinetaggap=\skip64
\mathdisplay@stack=\toks22
LaTeX Info: Redefining \[ on input line 2965.
LaTeX Info: Redefining \] on input line 2966.
)
(C:\Users\ijiny\AppData\Local\Programs\MiKTeX\tex/latex/amsfonts\amsfonts.sty
Package: amsfonts 2013/01/14 v3.01 Basic AMSFonts support
\symAMSa=\mathgroup4
\symAMSb=\mathgroup5
LaTeX Font Info:    Redeclaring math symbol \hbar on input line 98.
LaTeX Font Info:    Overwriting math alphabet `\mathfrak' in version `bold'
(Font)                  U/euf/m/n --> U/euf/b/n on input line 106.
)
(C:\Users\ijiny\AppData\Local\Programs\MiKTeX\tex/latex/tools\bm.sty
Package: bm 2025/10/21 v1.2g Bold Symbol Support (DPC/FMi)
\symboldoperators=\mathgroup6
\symboldletters=\mathgroup7
\symboldsymbols=\mathgroup8
Package bm Info: No bold for \OMX/cmex/m/n, using \pmb.
Package bm Info: No bold for \U/msa/m/n, using \pmb.
Package bm Info: No bold for \U/msb/m/n, using \pmb.
LaTeX Font Info:    Redeclaring math alphabet \mathbf on input line 149.
)
LaTeX Font Info:    Overwriting math alphabet `\mathsfit' in version `bold'
(Font)                  OT1/phv/m/sl --> OT1/phv/bx/n on input line 314.
)
(C:\Users\ijiny\AppData\Local\Programs\MiKTeX\tex/latex/hyperref\hyperref.sty
Package: hyperref 2026-06-17 v7.01r Hypertext links for LaTeX

(C:\Users\ijiny\AppData\Local\Programs\MiKTeX\tex/generic/iftex\iftex.sty
Package: iftex 2024/12/12 v1.0g TeX engine tests
)
(C:\Users\ijiny\AppData\Local\Programs\MiKTeX\tex/latex/kvsetkeys\kvsetkeys.sty
Package: kvsetkeys 2022-10-05 v1.19 Key value parser (HO)
)
(C:\Users\ijiny\AppData\Local\Programs\MiKTeX\tex/generic/kvdefinekeys\kvdefine
keys.sty
Package: kvdefinekeys 2019-12-19 v1.6 Define keys (HO)
)
(C:\Users\ijiny\AppData\Local\Programs\MiKTeX\tex/generic/pdfescape\pdfescape.s
ty
Package: pdfescape 2019/12/09 v1.15 Implements pdfTeX's escape features (HO)

(C:\Users\ijiny\AppData\Local\Programs\MiKTeX\tex/generic/ltxcmds\ltxcmds.sty
Package: ltxcmds 2023-12-04 v1.26 LaTeX kernel commands for general use (HO)
)
(C:\Users\ijiny\AppData\Local\Programs\MiKTeX\tex/generic/pdftexcmds\pdftexcmds
.sty
Package: pdftexcmds 2020-06-27 v0.33 Utility functions of pdfTeX for LuaTeX (HO
)

(C:\Users\ijiny\AppData\Local\Programs\MiKTeX\tex/generic/infwarerr\infwarerr.s
ty
Package: infwarerr 2019/12/03 v1.5 Providing info/warning/error messages (HO)
)
Package pdftexcmds Info: \pdf@primitive is available.
Package pdftexcmds Info: \pdf@ifprimitive is available.
Package pdftexcmds Info: \pdfdraftmode found.
))
(C:\Users\ijiny\AppData\Local\Programs\MiKTeX\tex/latex/hycolor\hycolor.sty
Package: hycolor 2020-01-27 v1.10 Color options for hyperref/bookmark (HO)
)
(C:\Users\ijiny\AppData\Local\Programs\MiKTeX\tex/latex/hyperref\nameref.sty
Package: nameref 2026-01-29 v2.58 Cross-referencing by name of section

(C:\Users\ijiny\AppData\Local\Programs\MiKTeX\tex/latex/refcount\refcount.sty
Package: refcount 2019/12/15 v3.6 Data extraction from label references (HO)
)
(C:\Users\ijiny\AppData\Local\Programs\MiKTeX\tex/generic/gettitlestring\gettit
lestring.sty
Package: gettitlestring 2019/12/15 v1.6 Cleanup title references (HO)

(C:\Users\ijiny\AppData\Local\Programs\MiKTeX\tex/latex/kvoptions\kvoptions.sty
Package: kvoptions 2022-06-15 v3.15 Key value format for package options (HO)
))
\c@section@level=\count302
)
(C:\Users\ijiny\AppData\Local\Programs\MiKTeX\tex/latex/etoolbox\etoolbox.sty
Package: etoolbox 2025/10/02 v2.5m e-TeX tools for LaTeX (JAW)
\etb@tempcnta=\count303
)
(C:\Users\ijiny\AppData\Local\Programs\MiKTeX\tex/generic/stringenc\stringenc.s
ty
Package: stringenc 2019/11/29 v1.12 Convert strings between diff. encodings (HO
)
)
\@linkdim=\dimen165
\Hy@linkcounter=\count304
\Hy@pagecounter=\count305
 (C:\Users\ijiny\AppData\Local\Programs\MiKTeX\tex/latex/hyperref\pd1enc.def
File: pd1enc.def 2026-06-17 v7.01r Hyperref: PDFDocEncoding definition (HO)
Now handling font encoding PD1 ...
... no UTF-8 mapping file for font encoding PD1
) (C:\Users\ijiny\AppData\Local\Programs\MiKTeX\tex/generic/intcalc\intcalc.sty
Package: intcalc 2019/12/15 v1.3 Expandable calculations with integers (HO)
)
\Hy@SavedSpaceFactor=\count306
 (C:\Users\ijiny\AppData\Local\Programs\MiKTeX\tex/latex/hyperref\puenc.def
File: puenc.def 2026-06-17 v7.01r Hyperref: PDF Unicode definition (HO)
Now handling font encoding PU ...
... no UTF-8 mapping file for font encoding PU
)
Package hyperref Info: Hyper figures OFF on input line 4199.
Package hyperref Info: Link nesting OFF on input line 4204.
Package hyperref Info: Hyper index ON on input line 4207.
Package hyperref Info: Plain pages OFF on input line 4214.
Package hyperref Info: Backreferencing OFF on input line 4219.
Package hyperref Info: Implicit mode ON; LaTeX internals redefined.
Package hyperref Info: Bookmarks ON on input line 4466.
\c@Hy@tempcnt=\count307

(C:\Users\ijiny\AppData\Local\Programs\MiKTeX\tex/latex/url\url.sty
\Urlmuskip=\muskip18
Package: url 2013/09/16  ver 3.4  Verb mode for urls, etc.
)
LaTeX Info: Redefining \url on input line 4805.
\XeTeXLinkMargin=\dimen166

(C:\Users\ijiny\AppData\Local\Programs\MiKTeX\tex/generic/bitset\bitset.sty
Package: bitset 2019/12/09 v1.3 Handle bit-vector datatype (HO)

(C:\Users\ijiny\AppData\Local\Programs\MiKTeX\tex/generic/bigintcalc\bigintcalc
.sty
Package: bigintcalc 2019/12/15 v1.5 Expandable calculations on big integers (HO
)
))
\Fld@menulength=\count308
\Field@Width=\dimen167
\Fld@charsize=\dimen168
Package hyperref Info: Hyper figures OFF on input line 6091.
Package hyperref Info: Link nesting OFF on input line 6096.
Package hyperref Info: Hyper index ON on input line 6099.
Package hyperref Info: backreferencing OFF on input line 6106.
Package hyperref Info: Link coloring OFF on input line 6111.
Package hyperref Info: Link coloring with OCG OFF on input line 6116.
Package hyperref Info: PDF/A mode OFF on input line 6121.
\Hy@abspage=\count309
\c@Item=\count310
\c@Hfootnote=\count311
)
Package hyperref Info: Driver (autodetected): hpdftex.

(C:\Users\ijiny\AppData\Local\Programs\MiKTeX\tex/latex/hyperref\hpdftex.def
File: hpdftex.def 2026-06-17 v7.01r Hyperref driver for pdfTeX
\Fld@listcount=\count312
\c@bookmark@seq@number=\count313

(C:\Users\ijiny\AppData\Local\Programs\MiKTeX\tex/latex/rerunfilecheck\rerunfil
echeck.sty
Package: rerunfilecheck 2025-06-21 v1.11 Rerun checks for auxiliary files (HO)

(C:\Users\ijiny\AppData\Local\Programs\MiKTeX\tex/generic/uniquecounter\uniquec
ounter.sty
Package: uniquecounter 2019/12/15 v1.4 Provide unlimited unique counter (HO)
)
Package uniquecounter Info: New unique counter `rerunfilecheck' on input line 2
84.
)
\Hy@SectionHShift=\skip65
)
(C:\Users\ijiny\AppData\Local\Programs\MiKTeX\tex/latex/graphics\graphicx.sty
Package: graphicx 2026-05-17 v1.2e Enhanced LaTeX Graphics (DPC,SPQR)

(C:\Users\ijiny\AppData\Local\Programs\MiKTeX\tex/latex/graphics\graphics.sty
Package: graphics 2026-05-17 v1.4h Standard LaTeX Graphics (DPC,SPQR)

(C:\Users\ijiny\AppData\Local\Programs\MiKTeX\tex/latex/graphics\trig.sty
Package: trig 2023/12/02 v1.11 sin cos tan (DPC)
)
(C:\Users\ijiny\AppData\Local\Programs\MiKTeX\tex/latex/graphics-cfg\graphics.c
fg
File: graphics.cfg 2016/06/04 v1.11 sample graphics configuration
)
Package graphics Info: Driver file: pdftex.def on input line 106.
)
\Gin@req@height=\dimen169
\Gin@req@width=\dimen170
)
(C:\Users\ijiny\AppData\Local\Programs\MiKTeX\tex/latex/booktabs\booktabs.sty
Package: booktabs 2020/01/12 v1.61803398 Publication quality tables
\heavyrulewidth=\dimen171
\lightrulewidth=\dimen172
\cmidrulewidth=\dimen173
\belowrulesep=\dimen174
\belowbottomsep=\dimen175
\aboverulesep=\dimen176
\abovetopsep=\dimen177
\cmidrulesep=\dimen178
\cmidrulekern=\dimen179
\defaultaddspace=\dimen180
\@cmidla=\count314
\@cmidlb=\count315
\@aboverulesep=\dimen181
\@belowrulesep=\dimen182
\@thisruleclass=\count316
\@lastruleclass=\count317
\@thisrulewidth=\dimen183
)
(C:\Users\ijiny\AppData\Local\Programs\MiKTeX\tex/latex/amsfonts\amssymb.sty
Package: amssymb 2013/01/14 v3.01 AMS font symbols
)
(C:\Users\ijiny\AppData\Local\Programs\MiKTeX\tex/latex/caption\subcaption.sty
Package: subcaption 2023/07/28 v1.6b Sub-captions (AR)

(C:\Users\ijiny\AppData\Local\Programs\MiKTeX\tex/latex/caption\caption.sty
Package: caption 2023/08/05 v3.6o Customizing captions (AR)

(C:\Users\ijiny\AppData\Local\Programs\MiKTeX\tex/latex/caption\caption3.sty
Package: caption3 2023/07/31 v2.4d caption3 kernel (AR)
\caption@tempdima=\dimen184
\captionmargin=\dimen185
\caption@leftmargin=\dimen186
\caption@rightmargin=\dimen187
\caption@width=\dimen188
\caption@indent=\dimen189
\caption@parindent=\dimen190
\caption@hangindent=\dimen191
Package caption Info: Standard document class detected.
)
\c@caption@flags=\count318
\c@continuedfloat=\count319
Package caption Info: hyperref package is loaded.
)
Package caption Info: New subtype `subfigure' on input line 238.
\c@subfigure=\count320
Package caption Info: New subtype `subtable' on input line 238.
\c@subtable=\count321
)
LaTeX Font Info:    Trying to load font information for OT1+ptm on input line 2
7.
(C:\Users\ijiny\AppData\Local\Programs\MiKTeX\tex/latex/psnfss\ot1ptm.fd
File: ot1ptm.fd 2001/06/04 font definitions for OT1/ptm.
)
(C:\Users\ijiny\AppData\Local\Programs\MiKTeX\tex/latex/l3backend\l3backend-pdf
tex.def
File: l3backend-pdftex.def 2026-02-18 L3 backend support: PDF output (pdfTeX)
\l__color_backend_stack_int=\count322
) (main.aux)
\openout1 = `main.aux'.

LaTeX Font Info:    Checking defaults for OML/cmm/m/it on input line 27.
LaTeX Font Info:    ... okay on input line 27.
LaTeX Font Info:    Checking defaults for OMS/cmsy/m/n on input line 27.
LaTeX Font Info:    ... okay on input line 27.
LaTeX Font Info:    Checking defaults for OT1/cmr/m/n on input line 27.
LaTeX Font Info:    ... okay on input line 27.
LaTeX Font Info:    Checking defaults for T1/cmr/m/n on input line 27.
LaTeX Font Info:    ... okay on input line 27.
LaTeX Font Info:    Checking defaults for TS1/cmr/m/n on input line 27.
LaTeX Font Info:    ... okay on input line 27.
LaTeX Font Info:    Checking defaults for OMX/cmex/m/n on input line 27.
LaTeX Font Info:    ... okay on input line 27.
LaTeX Font Info:    Checking defaults for U/cmr/m/n on input line 27.
LaTeX Font Info:    ... okay on input line 27.
LaTeX Font Info:    Checking defaults for PD1/pdf/m/n on input line 27.
LaTeX Font Info:    ... okay on input line 27.
LaTeX Font Info:    Checking defaults for PU/pdf/m/n on input line 27.
LaTeX Font Info:    ... okay on input line 27.

(C:\Users\ijiny\AppData\Local\Programs\MiKTeX\tex/context/base/mkii\supp-pdf.mk
ii
[Loading MPS to PDF converter (version 2006.09.02).]
\scratchcounter=\count323
\scratchdimen=\dimen192
\scratchbox=\box57
\nofMPsegments=\count324
\nofMParguments=\count325
\everyMPshowfont=\toks23
\MPscratchCnt=\count326
\MPscratchDim=\dimen193
\MPnumerator=\count327
\makeMPintoPDFobject=\count328
\everyMPtoPDFconversion=\toks24
)
(C:\Users\ijiny\AppData\Local\Programs\MiKTeX\tex/latex/epstopdf-pkg\epstopdf-b
ase.sty
Package: epstopdf-base 2020-01-24 v2.11 Base part for package epstopdf
Package epstopdf-base Info: Redefining graphics rule for `.eps' on input line 4
85.

(C:\Users\ijiny\AppData\Local\Programs\MiKTeX\tex/latex/00miktex\epstopdf-sys.c
fg
File: epstopdf-sys.cfg 2021/03/18 v2.0 Configuration of epstopdf for MiKTeX
))
Package hyperref Info: Link coloring OFF on input line 27.
 (main.out) (main.out)
\@outlinefile=\write3
\openout3 = `main.out'.

Package caption Info: Begin \AtBeginDocument code.
Package caption Info: End \AtBeginDocument code.

Underfull \hbox (badness 10000) in paragraph at lines 30--30
[]\OT1/ptm/m/sc/17.28 Why Lan-guage Mod-els Learn Heuris-tics
 []

LaTeX Font Info:    Trying to load font information for U+msa on input line 32.

(C:\Users\ijiny\AppData\Local\Programs\MiKTeX\tex/latex/amsfonts\umsa.fd
File: umsa.fd 2013/01/14 v3.01 AMS symbols A
)
LaTeX Font Info:    Trying to load font information for U+msb on input line 32.


(C:\Users\ijiny\AppData\Local\Programs\MiKTeX\tex/latex/amsfonts\umsb.fd
File: umsb.fd 2013/01/14 v3.01 AMS symbols B
)
LaTeX Font Info:    Trying to load font information for TS1+ptm on input line 4
0.

(C:\Users\ijiny\AppData\Local\Programs\MiKTeX\tex/latex/psnfss\ts1ptm.fd
File: ts1ptm.fd 2001/06/04 font definitions for TS1/ptm.
)
[1{C:/Users/ijiny/AppData/Local/MiKTeX/fonts/map/pdftex/pdftex.map}{C:/Users/ij
iny/AppData/Local/Programs/MiKTeX/fonts/enc/dvips/base/8r.enc}

]
LaTeX Font Info:    Trying to load font information for OT1+pcr on input line 5
1.

(C:\Users\ijiny\AppData\Local\Programs\MiKTeX\tex/latex/psnfss\ot1pcr.fd
File: ot1pcr.fd 2001/06/04 font definitions for OT1/pcr.
)
[2]
<figs/all_mods_theory.png, id=198, 731.01105pt x 290.16405pt>
File: figs/all_mods_theory.png Graphic file (type png)
<use figs/all_mods_theory.png>
Package pdftex.def Info: figs/all_mods_theory.png  used on input line 86.
(pdftex.def)             Requested size: 397.48499pt x 157.77542pt.

Underfull \vbox (badness 10000) has occurred while \output is active []

 [3 <./figs/all_mods_theory.png>]
<figs/probe_time.png, id=228, 361.35pt x 318.89137pt>
File: figs/probe_time.png Graphic file (type png)
<use figs/probe_time.png>
Package pdftex.def Info: figs/probe_time.png  used on input line 119.
(pdftex.def)             Requested size: 194.76982pt x 171.88248pt.
<figs/probe_depth.png, id=229, 361.7515pt x 318.3895pt>
File: figs/probe_depth.png Graphic file (type png)
<use figs/probe_depth.png>
Package pdftex.def Info: figs/probe_depth.png  used on input line 125.
(pdftex.def)             Requested size: 194.76982pt x 171.4225pt.
 [4]
<figs/rung_metric.png, id=256, 1004.10132pt x 386.19281pt>
File: figs/rung_metric.png Graphic file (type png)
<use figs/rung_metric.png>
Package pdftex.def Info: figs/rung_metric.png  used on input line 156.
(pdftex.def)             Requested size: 317.9892pt x 122.29958pt.

Underfull \vbox (badness 1701) has occurred while \output is active []

 [5 <./figs/probe_time.png> <./figs/probe_depth.png>]
<figs/digitsum_attn_e1e2.png, id=271, 686.565pt x 563.706pt>
File: figs/digitsum_attn_e1e2.png Graphic file (type png)
<use figs/digitsum_attn_e1e2.png>
Package pdftex.def Info: figs/digitsum_attn_e1e2.png  used on input line 172.
(pdftex.def)             Requested size: 397.48499pt x 326.3562pt.

Underfull \vbox (badness 3009) has occurred while \output is active []

 [6 <./figs/rung_metric.png>]
<figs/phase_noise.png, id=295, 492.239pt x 260.975pt>
File: figs/phase_noise.png Graphic file (type png)
<use figs/phase_noise.png>
Package pdftex.def Info: figs/phase_noise.png  used on input line 188.
(pdftex.def)             Requested size: 317.9892pt x 168.59637pt.

Underfull \vbox (badness 10000) has occurred while \output is active []

 [7 <./figs/digitsum_attn_e1e2.png>] [8 <./figs/phase_noise.png>]
<figs/fourier_dynamics.png, id=326, 731.9345pt x 267.8005pt>
File: figs/fourier_dynamics.png Graphic file (type png)
<use figs/fourier_dynamics.png>
Package pdftex.def Info: figs/fourier_dynamics.png  used on input line 209.
(pdftex.def)             Requested size: 397.48499pt x 145.43553pt.

Underfull \vbox (badness 2384) has occurred while \output is active []

 [9 <./figs/fourier_dynamics.png>]
<figs/base9.png, id=338, 492.1587pt x 289.44135pt>
File: figs/base9.png Graphic file (type png)
<use figs/base9.png>
Package pdftex.def Info: figs/base9.png  used on input line 223.
(pdftex.def)             Requested size: 286.18967pt x 168.3089pt.
 [10 <./figs/base9.png>] [11]
<figs/tx_round2.png, id=363, 732.336pt x 275.0275pt>
File: figs/tx_round2.png Graphic file (type png)
<use figs/tx_round2.png>
Package pdftex.def Info: figs/tx_round2.png  used on input line 255.
(pdftex.def)             Requested size: 397.48499pt x 149.27641pt.
<figs/tx_round1.png, id=364, 745.184pt x 462.9295pt>
File: figs/tx_round1.png Graphic file (type png)
<use figs/tx_round1.png>
Package pdftex.def Info: figs/tx_round1.png  used on input line 262.
(pdftex.def)             Requested size: 397.48499pt x 246.93375pt.
 [12 <./figs/tx_round2.png>]
Underfull \vbox (badness 10000) has occurred while \output is active []

 [13 <./figs/tx_round1.png>] (main.bbl [14]
Underfull \hbox (badness 10000) in paragraph at lines 105--110
[]\OT1/ptm/m/n/10 nostalgebraist.  In-ter-pret-ing GPT: the logit lens.  Less-W
rong blog post, 2020.
 []


Underfull \hbox (badness 10000) in paragraph at lines 105--110
\OT1/ptm/m/n/10 URL []$\OT1/pcr/m/n/10 https : / / www . lesswrong . com / post
s / AcKRB8wDpdaN6v6ru /
 []

[15])

Package hyperref Warning: Token not allowed in a PDF string (Unicode):
(hyperref)                removing `math shift' on input line 303.


Package hyperref Warning: Token not allowed in a PDF string (Unicode):
(hyperref)                removing `superscript' on input line 303.


Package hyperref Warning: Token not allowed in a PDF string (Unicode):
(hyperref)                removing `math shift' on input line 303.

[16]
Overfull \hbox (90.4598pt too wide) detected at line 329
\OML/cmm/m/it/10 x \OT1/cmr/m/n/10 = \OML/cmm/m/it/10 N;  T \OMS/cmsy/m/n/10 2 
f\OT1/cmr/m/n/10 2\OML/cmm/m/it/10 ; \OT1/cmr/m/n/10 5\OML/cmm/m/it/10 ; \OT1/c
mr/m/n/10 10\OML/cmm/m/it/10 ; \OT1/cmr/m/n/10 100\OMS/cmsy/m/n/10 g []\OML/cmm
/m/it/10 ;  x \OT1/cmr/m/n/10 = [](\OML/cmm/m/it/10 N\OT1/cmr/m/n/10 )\OML/cmm/
m/it/10 ;  T \OMS/cmsy/m/n/10 2 f\OT1/cmr/m/n/10 3\OML/cmm/m/it/10 ; \OT1/cmr/m
/n/10 9\OMS/cmsy/m/n/10 g []\OML/cmm/m/it/10 ;
 []

[17]

Package hyperref Warning: Token not allowed in a PDF string (Unicode):
(hyperref)                removing `math shift' on input line 352.


Package hyperref Warning: Token not allowed in a PDF string (Unicode):
(hyperref)                removing `subscript' on input line 352.


Package hyperref Warning: Token not allowed in a PDF string (Unicode):
(hyperref)                removing `math shift' on input line 352.

[18]
Underfull \hbox (badness 1558) in paragraph at lines 364--365
\OT1/ptm/b/n/10 Phase er-ror. \OT1/ptm/m/n/10 For a pe-riod $\OML/cmm/m/it/10 T
 \OMS/cmsy/m/n/10 2 f\OT1/cmr/m/n/10 3\OML/cmm/m/it/10 ; \OT1/cmr/m/n/10 9\OMS/
cmsy/m/n/10 g$ \OT1/ptm/m/n/10 and a check-point: (1) on 2000 training-pool
 []

[19]
<figs/phase_switch.png, id=504, 722.7pt x 289.08pt>
File: figs/phase_switch.png Graphic file (type png)
<use figs/phase_switch.png>
Package pdftex.def Info: figs/phase_switch.png  used on input line 372.
(pdftex.def)             Requested size: 397.48499pt x 158.99448pt.
<figs/probe_depth_extra.png, id=513, 708.246pt x 267.8005pt>
File: figs/probe_depth_extra.png Graphic file (type png)
<use figs/probe_depth_extra.png>
Package pdftex.def Info: figs/probe_depth_extra.png  used on input line 386.
(pdftex.def)             Requested size: 397.48499pt x 150.29823pt.


LaTeX Warning: `h' float specifier changed to `ht'.


Underfull \vbox (badness 1635) has occurred while \output is active []

 [20 <./figs/phase_switch.png>] [21 <./figs/probe_depth_extra.png>]
<figs/sizelaw.png, id=543, 794.97pt x 289.08pt>
File: figs/sizelaw.png Graphic file (type png)
<use figs/sizelaw.png>
Package pdftex.def Info: figs/sizelaw.png  used on input line 427.
(pdftex.def)             Requested size: 397.48499pt x 144.54405pt.
<figs/qwen_law.png, id=544, 492.1587pt x 289.44135pt>
File: figs/qwen_law.png Graphic file (type png)
<use figs/qwen_law.png>
Package pdftex.def Info: figs/qwen_law.png  used on input line 434.
(pdftex.def)             Requested size: 286.18967pt x 168.3089pt.


LaTeX Warning: `h' float specifier changed to `ht'.

<figs/moremods_test.png, id=545, 752.51137pt x 448.97737pt>
File: figs/moremods_test.png Graphic file (type png)
<use figs/moremods_test.png>
Package pdftex.def Info: figs/moremods_test.png  used on input line 441.
(pdftex.def)             Requested size: 397.48499pt x 237.15532pt.

LaTeX Warning: `h' float specifier changed to `ht'.

<figs/nimsimple_mag_size.png, id=546, 745.28438pt x 448.97737pt>
File: figs/nimsimple_mag_size.png Graphic file (type png)
<use figs/nimsimple_mag_size.png>
Package pdftex.def Info: figs/nimsimple_mag_size.png  used on input line 448.
(pdftex.def)             Requested size: 357.73405pt x 215.50668pt.

LaTeX Warning: `h' float specifier changed to `ht'.


Underfull \hbox (badness 3189) in paragraph at lines 456--457
 []\OT1/ptm/b/n/10 The oracle-injection con-trol in full.[] \OT1/ptm/m/n/10 Dur
-ing train-ing we add $\OML/cmm/m/it/10 \OMS/cmsy/m/n/10 k\OML/cmm/m/it/10 h\O
MS/cmsy/m/n/10 k\OT1/cmr/m/n/10 ([](2\OML/cmm/m/it/10 ^^Y []=\OT1/cmr/m/n/10 9)
 \OML/cmm/m/it/10 u[] \OT1/cmr/m/n/10 +
 []

[22 <./figs/sizelaw.png>]
<figs/install_transfer.png, id=554, 706.64pt x 289.883pt>
File: figs/install_transfer.png Graphic file (type png)
<use figs/install_transfer.png>
Package pdftex.def Info: figs/install_transfer.png  used on input line 462.
(pdftex.def)             Requested size: 397.48499pt x 163.05878pt.

Underfull \vbox (badness 10000) has occurred while \output is active []

 [23 <./figs/qwen_law.png> <./figs/moremods_test.png>]
<figs/install_dose.png, id=561, 669.3005pt x 295.504pt>
File: figs/install_dose.png Graphic file (type png)
<use figs/install_dose.png>
Package pdftex.def Info: figs/install_dose.png  used on input line 469.
(pdftex.def)             Requested size: 397.48499pt x 175.49564pt.


LaTeX Warning: `h' float specifier changed to `ht'.

<figs/dwell_probe.png, id=562, 491.0345pt x 275.429pt>
File: figs/dwell_probe.png Graphic file (type png)
<use figs/dwell_probe.png>
Package pdftex.def Info: figs/dwell_probe.png  used on input line 476.
(pdftex.def)             Requested size: 337.86465pt x 189.51245pt.

LaTeX Warning: `h' float specifier changed to `ht'.

<figs/disentangle.png, id=563, 745.28438pt x 318.43968pt>
File: figs/disentangle.png Graphic file (type png)
<use figs/disentangle.png>
Package pdftex.def Info: figs/disentangle.png  used on input line 486.
(pdftex.def)             Requested size: 397.48499pt x 169.83148pt.

LaTeX Warning: `h' float specifier changed to `ht'.

[24 <./figs/nimsimple_mag_size.png> <./figs/install_transfer.png>] [25 <./figs/
install_dose.png> <./figs/dwell_probe.png>] [26 <./figs/disentangle.png>]
(main.aux)
 ***********
LaTeX2e <2026-06-01>
L3 programming layer <2026-06-18>
 ***********
Package rerunfilecheck Info: File `main.out' has not changed.
(rerunfilecheck)             Checksum: EFB44831B35ABF99641E2AC46E4CA693;8943.
 ) 
Here is how much of TeX's memory you used:
 13402 strings out of 467559
 206999 string characters out of 5413638
 650297 words of memory out of 5000000
 42279 multiletter control sequences out of 15000+600000
 654542 words of font info for 100 fonts, out of 8000000 for 9000
 1141 hyphenation exceptions out of 8191
 74i,12n,90p,2768b,597s stack positions out of 10000i,1000n,20000p,200000b,200000s
<C:/Users/ijiny/AppData/Local/Programs/MiKTeX/fonts/type1/public/amsfonts/cm/
cmex10.pfb><C:/Users/ijiny/AppData/Local/Programs/MiKTeX/fonts/type1/public/ams
fonts/cmextra/cmex7.pfb><C:/Users/ijiny/AppData/Local/Programs/MiKTeX/fonts/typ
e1/public/amsfonts/cm/cmmi10.pfb><C:/Users/ijiny/AppData/Local/Programs/MiKTeX/
fonts/type1/public/amsfonts/cm/cmmi5.pfb><C:/Users/ijiny/AppData/Local/Programs
/MiKTeX/fonts/type1/public/amsfonts/cm/cmmi7.pfb><C:/Users/ijiny/AppData/Local/
Programs/MiKTeX/fonts/type1/public/amsfonts/cm/cmr10.pfb><C:/Users/ijiny/AppDat
a/Local/Programs/MiKTeX/fonts/type1/public/amsfonts/cm/cmr5.pfb><C:/Users/ijiny
/AppData/Local/Programs/MiKTeX/fonts/type1/public/amsfonts/cm/cmr7.pfb><C:/User
s/ijiny/AppData/Local/Programs/MiKTeX/fonts/type1/public/amsfonts/cm/cmsy10.pfb
><C:/Users/ijiny/AppData/Local/Programs/MiKTeX/fonts/type1/public/amsfonts/cm/c
msy5.pfb><C:/Users/ijiny/AppData/Local/Programs/MiKTeX/fonts/type1/public/amsfo
nts/cm/cmsy7.pfb><C:/Users/ijiny/AppData/Local/Programs/MiKTeX/fonts/type1/publ
ic/amsfonts/symbols/msbm10.pfb><C:/Users/ijiny/AppData/Local/Programs/MiKTeX/fo
nts/type1/urw/courier/ucrr8a.pfb><C:/Users/ijiny/AppData/Local/Programs/MiKTeX/
fonts/type1/urw/helvetic/uhvb8a.pfb><C:/Users/ijiny/AppData/Local/Programs/MiKT
eX/fonts/type1/urw/times/utmb8a.pfb><C:/Users/ijiny/AppData/Local/Programs/MiKT
eX/fonts/type1/urw/times/utmr8a.pfb><C:/Users/ijiny/AppData/Local/Programs/MiKT
eX/fonts/type1/urw/times/utmri8a.pfb>
Output written on main.pdf (26 pages, 3113224 bytes).
PDF statistics:
 685 PDF objects out of 1000 (max. 8388607)
 126 named destinations out of 1000 (max. 500000)
 349 words of extra memory for PDF output out of 10000 (max. 10000000)

