\BOOKMARK [1][-]{section.1}{\376\377\000I\000n\000t\000r\000o\000d\000u\000c\000t\000i\000o\000n}{}% 1
\BOOKMARK [1][-]{section.2}{\376\377\000S\000e\000t\000u\000p}{}% 2
\BOOKMARK [1][-]{section.3}{\376\377\000T\000h\000e\000\040\000d\000i\000g\000i\000t\000-\000l\000o\000c\000a\000l\000i\000t\000y\000\040\000l\000a\000w}{}% 3
\BOOKMARK [1][-]{section.4}{\376\377\000T\000h\000e\000\040\000m\000e\000c\000h\000a\000n\000i\000s\000m\000,\000\040\000v\000e\000r\000i\000f\000i\000e\000d\000\040\000a\000c\000r\000o\000s\000s\000\040\000t\000r\000a\000i\000n\000i\000n\000g}{}% 4
\BOOKMARK [2][-]{subsection.4.1}{\376\377\000W\000h\000a\000t\000\040\000t\000h\000e\000\040\000c\000h\000e\000c\000k\000p\000o\000i\000n\000t\000\040\000s\000w\000e\000e\000p\000\040\000s\000h\000o\000w\000s}{section.4}% 5
\BOOKMARK [2][-]{subsection.4.2}{\376\377\000C\000o\000n\000s\000t\000r\000u\000c\000t\000i\000o\000n\000\040\000i\000s\000\040\000s\000t\000r\000i\000c\000t\000l\000y\000\040\000s\000e\000q\000u\000e\000n\000t\000i\000a\000l\000:\000\040\000t\000h\000e\000\040\000r\000u\000n\000g\000\040\000m\000e\000t\000r\000i\000c}{section.4}% 6
\BOOKMARK [2][-]{subsection.4.3}{\376\377\000W\000h\000a\000t\000\040\000c\000h\000a\000n\000g\000e\000s\000\040\000i\000n\000s\000i\000d\000e\000:\000\040\000a\000g\000g\000r\000e\000g\000a\000t\000i\000o\000n\000\040\000a\000n\000d\000\040\000c\000o\000m\000p\000r\000e\000s\000s\000i\000o\000n}{section.4}% 7
\BOOKMARK [2][-]{subsection.4.4}{\376\377\000T\000h\000e\000\040\000a\000c\000c\000o\000u\000n\000t\000:\000\040\000F\000o\000u\000r\000i\000e\000r\000\040\000r\000e\000a\000d\000o\000u\000t\000s\000\040\000c\000o\000m\000p\000o\000s\000e\000d\000\040\000i\000n\000\040\000o\000r\000d\000e\000r\000\040\000o\000f\000\040\000r\000o\000b\000u\000s\000t\000n\000e\000s\000s}{section.4}% 8
\BOOKMARK [2][-]{subsection.4.5}{\376\377\000T\000h\000e\000\040\000s\000p\000e\000c\000t\000r\000a\000,\000\040\000w\000a\000t\000c\000h\000e\000d\000\040\000l\000i\000v\000e\040\024\000a\000n\000d\000\040\000w\000h\000a\000t\000\040\000d\000e\000l\000e\000t\000i\000o\000n\000\040\000c\000o\000u\000l\000d\000\040\000n\000o\000t\000\040\000d\000o}{section.4}% 9
\BOOKMARK [2][-]{subsection.4.6}{\376\377\000T\000h\000e\000\040\000b\000a\000s\000e\000-\000c\000h\000a\000n\000g\000e\000\040\000t\000e\000s\000t\000:\000\040\000f\000o\000u\000r\000\040\000p\000r\000e\000d\000i\000c\000t\000i\000o\000n\000s\000,\000\040\000f\000o\000u\000r\000\040\000c\000o\000n\000f\000i\000r\000m\000e\000d}{section.4}% 10
\BOOKMARK [1][-]{section.5}{\376\377\000H\000o\000w\000\040\000t\000o\000\040\000a\000c\000c\000e\000l\000e\000r\000a\000t\000e\000\040\000p\000a\000s\000t\000\040\000t\000h\000e\000\040\000h\000e\000u\000r\000i\000s\000t\000i\000c\040\024\000a\000n\000d\000\040\000h\000o\000w\000\040\000n\000o\000t\000\040\000t\000o}{}% 11
\BOOKMARK [2][-]{subsection.5.1}{\376\377\000W\000h\000a\000t\000\040\000f\000a\000i\000l\000s\000:\000\040\000i\000n\000s\000t\000a\000l\000l\000i\000n\000g\000\040\000t\000h\000e\000\040\000c\000o\000a\000r\000s\000e\000\040\000a\000n\000s\000w\000e\000r}{section.5}% 12
\BOOKMARK [2][-]{subsection.5.2}{\376\377\000W\000h\000a\000t\000\040\000w\000o\000r\000k\000s\000:\000\040\000i\000n\000s\000t\000a\000l\000l\000i\000n\000g\000\040\000t\000h\000e\000\040\000c\000o\000m\000p\000u\000t\000a\000t\000i\000o\000n\000\040\000u\000n\000d\000e\000r\000n\000e\000a\000t\000h}{section.5}% 13
\BOOKMARK [2][-]{subsection.5.3}{\376\377\000T\000h\000e\000\040\000s\000t\000a\000i\000r\000c\000a\000s\000e\000\040\000i\000s\000\040\000c\000h\000o\000s\000e\000n\040\024\000a\000n\000d\000\040\000i\000t\000\040\000i\000s\000\040\000t\000h\000e\000\040\000f\000a\000s\000t\000\040\000r\000o\000u\000t\000e}{section.5}% 14
\BOOKMARK [1][-]{section.6}{\376\377\000R\000e\000l\000a\000t\000e\000d\000\040\000w\000o\000r\000k}{}% 15
\BOOKMARK [1][-]{section.7}{\376\377\000C\000o\000n\000c\000l\000u\000s\000i\000o\000n\000,\000\040\000l\000i\000m\000i\000t\000a\000t\000i\000o\000n\000s\000,\000\040\000a\000n\000d\000\040\000o\000u\000t\000l\000o\000o\000k}{}% 16
\BOOKMARK [1][-]{appendix.A}{\376\377\000B\000a\000c\000k\000g\000r\000o\000u\000n\000d\000:\000\040\000h\000o\000w\000\040\000a\000\040\000n\000e\000t\000w\000o\000r\000k\000\040\000c\000a\000n\000\040\000h\000o\000l\000d\000\040\000a\000\040\000n\000u\000m\000b\000e\000r}{}% 17
\BOOKMARK [2][-]{subsection.A.1}{\376\377\000R\000e\000p\000r\000e\000s\000e\000n\000t\000a\000t\000i\000o\000n\000s\000,\000\040\000d\000i\000r\000e\000c\000t\000i\000o\000n\000s\000,\000\040\000p\000r\000o\000b\000e\000s\000,\000\040\000a\000n\000d\000\040\000R\0002}{appendix.A}% 18
\BOOKMARK [2][-]{subsection.A.2}{\376\377\000W\000h\000y\000\040\000r\000e\000s\000i\000d\000u\000e\000s\000\040\000l\000i\000v\000e\000\040\000i\000n\000\040\000p\000e\000r\000i\000o\000d\000i\000c\000\040\000f\000e\000a\000t\000u\000r\000e\000s}{appendix.A}% 19
\BOOKMARK [2][-]{subsection.A.3}{\376\377\000T\000h\000e\000\040\000c\000o\000o\000r\000d\000i\000n\000a\000t\000e\000\040\000c\000h\000o\000i\000c\000e\000\040\000\050\000w\000h\000a\000t\000\040\000i\000s\000\040\000n\000e\000w\000\040\000i\000n\000\040\000t\000h\000e\000\040\000m\000u\000l\000t\000i\000-\000t\000o\000k\000e\000n\000\040\000r\000e\000g\000i\000m\000e\000\051}{appendix.A}% 20
\BOOKMARK [2][-]{subsection.A.4}{\376\377\000W\000h\000y\000\040\000t\000h\000e\000\040\000c\000o\000a\000r\000s\000e\000\040\000c\000o\000m\000p\000o\000n\000e\000n\000t\000\040\000a\000r\000r\000i\000v\000e\000s\000\040\000f\000i\000r\000s\000t}{appendix.A}% 21
\BOOKMARK [1][-]{appendix.B}{\376\377\000E\000x\000a\000c\000t\000\040\000p\000r\000o\000c\000e\000d\000u\000r\000e\000s\000:\000\040\000o\000u\000t\000p\000u\000t\000\040\000D\000F\000T\000,\000\040\000p\000e\000r\000i\000o\000d\000\040\000p\000l\000a\000n\000e\000s\000,\000\040\000p\000r\000o\000j\000e\000c\000t\000i\000o\000n\000-\000a\000b\000l\000a\000t\000i\000o\000n}{}% 22
\BOOKMARK [2][-]{subsection.B.1}{\376\377\000O\000u\000t\000p\000u\000t\000\040\000D\000F\000T\000\040\000o\000v\000e\000r\000\040\000Z\0009\000\040\000\050\000t\000h\000e\000\040\000c\000o\000s\000e\000t\000\040\000f\000r\000a\000c\000t\000i\000o\000n\000\051}{appendix.B}% 23
\BOOKMARK [2][-]{subsection.B.2}{\376\377\000P\000e\000r\000i\000o\000d\000-\000p\000l\000a\000n\000e\000\040\000e\000s\000t\000i\000m\000a\000t\000i\000o\000n\000\040\000\050\000t\000h\000e\000\040\000d\000e\000c\000o\000d\000a\000b\000i\000l\000i\000t\000y\000\040\000s\000p\000e\000c\000t\000r\000u\000m\000\051}{appendix.B}% 24
\BOOKMARK [2][-]{subsection.B.3}{\376\377\000P\000r\000o\000j\000e\000c\000t\000i\000o\000n\000-\000a\000b\000l\000a\000t\000i\000o\000n\000\040\000\050\000d\000e\000l\000e\000t\000i\000n\000g\000\040\000a\000\040\000p\000l\000a\000n\000e\000\040\000a\000t\000\040\000i\000n\000f\000e\000r\000e\000n\000c\000e\000\051}{appendix.B}% 25
\BOOKMARK [2][-]{subsection.B.4}{\376\377\000P\000h\000a\000s\000e\000-\000e\000r\000r\000o\000r\000\040\000m\000e\000a\000s\000u\000r\000e\000m\000e\000n\000t\000\040\000\050\000F\000i\000g\000.\000\040\0005\000\051\000\040\000a\000n\000d\000\040\000t\000h\000e\000\040\000p\000r\000e\000f\000i\000x\000\040\000t\000r\000a\000c\000e}{appendix.B}% 26
\BOOKMARK [1][-]{appendix.C}{\376\377\000L\000a\000y\000e\000r\000-\000b\000y\000-\000l\000a\000y\000e\000r\000\040\000v\000i\000e\000w\000s\000:\000\040\000t\000h\000e\000\040\000c\000o\000n\000v\000e\000r\000g\000e\000d\000\040\000l\000e\000n\000s\000\040\000l\000a\000d\000d\000e\000r\000\040\000a\000n\000d\000\040\000t\000h\000e\000\040\000b\000a\000s\000e\000-\000m\000o\000d\000e\000l\000\040\000p\000r\000o\000b\000e\000s}{}% 27
\BOOKMARK [1][-]{appendix.D}{\376\377\000B\000a\000s\000e\000-\000m\000o\000d\000e\000l\000\040\000a\000u\000d\000i\000t\000\040\000a\000n\000d\000\040\000t\000h\000e\000\040\000f\000o\000r\000m\000a\000t\000\040\000s\000w\000e\000e\000p}{}% 28
\BOOKMARK [1][-]{appendix.E}{\376\377\000T\000h\000e\000\040\000l\000a\000w\000\040\000i\000n\000\040\000m\000o\000r\000e\000\040\000d\000e\000t\000a\000i\000l}{}% 29
\BOOKMARK [1][-]{appendix.F}{\376\377\000E\000n\000t\000r\000e\000n\000c\000h\000m\000e\000n\000t\000\040\000d\000e\000t\000a\000i\000l\000:\000\040\000t\000h\000e\000\040\000d\000o\000n\000o\000r\000-\000c\000h\000e\000c\000k\000p\000o\000i\000n\000t\000\040\000s\000w\000e\000e\000p\000,\000\040\000t\000h\000e\000\040\000d\000w\000e\000l\000l\000-\000s\000t\000a\000t\000e\000\040\000p\000r\000o\000b\000e\000,\000\040\000a\000n\000d\000\040\000t\000h\000e\000\040\000o\000r\000a\000c\000l\000e\000-\000i\000n\000j\000e\000c\000t\000i\000o\000n\000\040\000c\000o\000n\000t\000r\000o\000l}{}% 30
\BOOKMARK [1][-]{appendix.G}{\376\377\000F\000o\000r\000m\000a\000t\000\040\000d\000i\000s\000e\000n\000t\000a\000n\000g\000l\000e\000m\000e\000n\000t\000\040\000f\000i\000g\000u\000r\000e}{}% 31
